#-----------------------------------------------------------
# Vivado v2025.1 (64-bit)
# SW Build 6140274 on Thu May 22 00:12:29 MDT 2025
# IP Build 6138677 on Thu May 22 03:10:11 MDT 2025
# SharedData Build 6139179 on Tue May 20 17:58:58 MDT 2025
# Start of session at: Thu Nov 13 14:31:46 2025
# Process ID         : 36368
# Current directory  : D:/Master2_1/Master_thesis/MX-tensorcore-with-RISC-V-extension/mxfp8/mxfp8.runs/synth_1
# Command line       : vivado.exe -log mxfp8_dotp.vds -product Vivado -mode batch -messageDb vivado.pb -notrace -source mxfp8_dotp.tcl
# Log file           : D:/Master2_1/Master_thesis/MX-tensorcore-with-RISC-V-extension/mxfp8/mxfp8.runs/synth_1/mxfp8_dotp.vds
# Journal file       : D:/Master2_1/Master_thesis/MX-tensorcore-with-RISC-V-extension/mxfp8/mxfp8.runs/synth_1\vivado.jou
# Running On         : DESKTOP-DFA467O
# Platform           : Windows Server 2016 or Windows 10
# Operating System   : 26100
# Processor Detail   : AMD Ryzen 9 8945HX with Radeon Graphics        
# CPU Frequency      : 2495 MHz
# CPU Physical cores : 16
# CPU Logical cores  : 32
# Host memory        : 33521 MB
# Swap memory        : 34359 MB
# Total Virtual      : 67880 MB
# Available Virtual  : 23562 MB
#-----------------------------------------------------------
source mxfp8_dotp.tcl -notrace
