#-----------------------------------------------------------
# Vivado v2025.1 (64-bit)
# SW Build 6140274 on Thu May 22 00:12:29 MDT 2025
# IP Build 6138677 on Thu May 22 03:10:11 MDT 2025
# SharedData Build 6139179 on Tue May 20 17:58:58 MDT 2025
# Start of session at: Thu Dec 11 14:45:42 2025
# Process ID         : 29232
# Current directory  : C:/master_thesis/MX-tensorcore-with-RISC-V-extension/mxfp8
# Command line       : vivado.exe -gui_launcher_event rodinguilauncherevent10636 C:\master_thesis\MX-tensorcore-with-RISC-V-extension\mxfp8\mxfp8.xpr
# Log file           : C:/master_thesis/MX-tensorcore-with-RISC-V-extension/mxfp8/vivado.log
# Journal file       : C:/master_thesis/MX-tensorcore-with-RISC-V-extension/mxfp8\vivado.jou
# Running On         : DESKTOP-A60D5EN
# Platform           : Windows Server 2016 or Windows 10
# Operating System   : 22631
# Processor Detail   : Intel(R) Core(TM) i7-8665U CPU @ 1.90GHz
# CPU Frequency      : 2112 MHz
# CPU Physical cores : 4
# CPU Logical cores  : 8
# Host memory        : 34095 MB
# Swap memory        : 2147 MB
# Total Virtual      : 36242 MB
# Available Virtual  : 26384 MB
#-----------------------------------------------------------
start_gui
open_project C:/master_thesis/MX-tensorcore-with-RISC-V-extension/mxfp8/mxfp8.xpr
update_compile_order -fileset sources_1
