Vivado Simulator v2025.1.0
Copyright 1986-2022 Xilinx, Inc. All Rights Reserved.
Copyright 2022-2025 Advanced Micro Devices, Inc. All Rights Reserved.
Running: C:/Xilinx/2025.1/Vivado/bin/unwrapped/win64.o/xelab.exe --incr --debug typical --relax --mt 2 -L xil_defaultlib -L uvm -L unisims_ver -L unimacro_ver -L secureip --snapshot tb_onedotproduct_behav xil_defaultlib.tb_onedotproduct xil_defaultlib.glbl -log elaborate.log 
Using 2 slave threads.
Starting static elaboration
Pass Through NonSizing Optimizer
WARNING: [VRFC 10-3091] actual bit length 27 differs from formal bit length 26 for port 'a_man' [C:/master_thesis/MX-tensorcore-with-RISC-V-extension/mxfp8/mxfp8.srcs/sources_1/new/onedotproduct.sv:171]
Completed static elaboration
Starting simulation data flow analysis
WARNING: [XSIM 43-4100] "C:/master_thesis/MX-tensorcore-with-RISC-V-extension/mxfp8/mxfp8.srcs/sim_1/new/tb_onedotproduct.sv" Line 3. Module tb_onedotproduct has a timescale but at least one module in design doesn't have timescale.
WARNING: [XSIM 43-4100] "C:/master_thesis/MX-tensorcore-with-RISC-V-extension/mxfp8/mxfp8.srcs/sources_1/new/onedotproduct.sv" Line 23. Module onedotproduct_default has a timescale but at least one module in design doesn't have timescale.
WARNING: [XSIM 43-4100] "C:/master_thesis/MX-tensorcore-with-RISC-V-extension/mxfp8/mxfp8.srcs/sources_1/new/onedotproduct.sv" Line 210. Module e5m2_classifier has a timescale but at least one module in design doesn't have timescale.
WARNING: [XSIM 43-4100] "C:/master_thesis/MX-tensorcore-with-RISC-V-extension/mxfp8/mxfp8.srcs/sources_1/new/onedotproduct.sv" Line 210. Module e5m2_classifier has a timescale but at least one module in design doesn't have timescale.
WARNING: [XSIM 43-4100] "C:/master_thesis/MX-tensorcore-with-RISC-V-extension/mxfp8/mxfp8.srcs/sources_1/new/onedotproduct.sv" Line 243. Module onedot_mult has a timescale but at least one module in design doesn't have timescale.
WARNING: [XSIM 43-4100] "C:/master_thesis/MX-tensorcore-with-RISC-V-extension/mxfp8/mxfp8.srcs/sources_1/new/onedotproduct.sv" Line 285. Module fp32_accumulator(ACC_WIDTH=32'b011010,EXP_WIDTH=32'b01000,DST_MAN_WIDTH=32'b010111,SCALE_WIDTH=32'b01000) has a timescale but at least one module in design doesn't have timescale.
WARNING: [XSIM 43-4100] "C:/master_thesis/MX-tensorcore-with-RISC-V-extension/mxfp8/mxfp8.srcs/sim_1/new/tb_onedotproduct.sv" Line 3. Module tb_onedotproduct has a timescale but at least one module in design doesn't have timescale.
WARNING: [XSIM 43-4100] "C:/master_thesis/MX-tensorcore-with-RISC-V-extension/mxfp8/mxfp8.srcs/sources_1/new/onedotproduct.sv" Line 23. Module onedotproduct_default has a timescale but at least one module in design doesn't have timescale.
WARNING: [XSIM 43-4100] "C:/master_thesis/MX-tensorcore-with-RISC-V-extension/mxfp8/mxfp8.srcs/sources_1/new/onedotproduct.sv" Line 210. Module e5m2_classifier has a timescale but at least one module in design doesn't have timescale.
WARNING: [XSIM 43-4100] "C:/master_thesis/MX-tensorcore-with-RISC-V-extension/mxfp8/mxfp8.srcs/sources_1/new/onedotproduct.sv" Line 210. Module e5m2_classifier has a timescale but at least one module in design doesn't have timescale.
WARNING: [XSIM 43-4100] "C:/master_thesis/MX-tensorcore-with-RISC-V-extension/mxfp8/mxfp8.srcs/sources_1/new/onedotproduct.sv" Line 243. Module onedot_mult has a timescale but at least one module in design doesn't have timescale.
WARNING: [XSIM 43-4100] "C:/master_thesis/MX-tensorcore-with-RISC-V-extension/mxfp8/mxfp8.srcs/sources_1/new/onedotproduct.sv" Line 285. Module fp32_accumulator(ACC_WIDTH=32'b011010,EXP_WIDTH=32'b01000,DST_MAN_WIDTH=32'b010111,SCALE_WIDTH=32'b01000) has a timescale but at least one module in design doesn't have timescale.
WARNING: [XSIM 43-4100] "C:/master_thesis/MX-tensorcore-with-RISC-V-extension/mxfp8/mxfp8.sim/sim_1/behav/xsim/glbl.v" Line 6. Module glbl has a timescale but at least one module in design doesn't have timescale.
WARNING: [XSIM 43-4100] "C:/master_thesis/MX-tensorcore-with-RISC-V-extension/mxfp8/mxfp8.sim/sim_1/behav/xsim/glbl.v" Line 6. Module glbl has a timescale but at least one module in design doesn't have timescale.
Completed simulation data flow analysis
Time Resolution for simulation is 1ps
Compiling package xil_defaultlib.mxfp8_pkg
Compiling module xil_defaultlib.e5m2_classifier
Compiling module xil_defaultlib.onedot_mult
Compiling module xil_defaultlib.fp32_accumulator(ACC_WIDTH=32'b0...
Compiling module xil_defaultlib.onedotproduct_default
Compiling module xil_defaultlib.tb_onedotproduct
Compiling module xil_defaultlib.glbl
Built simulation snapshot tb_onedotproduct_behav
